batch bench01: 26 cells, 3 in parallel, operator: benchmark pre-approval rule (lab/experiments/protocol.md section 5), batch started by an automated build agent in dheeraj's session
2026-10-03T22:09:10Z bench01-IL2RG-p.Arg226Cys-baseline                   succeeded  75.2s (active at launch: 2)
2026-10-03T22:09:23Z bench01-ADA-p.Arg211His-baseline                     succeeded  93.2s (active at launch: 1)
2026-10-03T22:11:52Z bench01-ADA-p.Arg211His-lab                          succeeded  246.6s (active at launch: 0)
2026-10-03T22:12:27Z bench01-BTK-p.Arg28His-lab                           succeeded  179.0s (active at launch: 2)
2026-10-03T22:13:21Z bench01-BTK-p.Arg28His-baseline                      succeeded  84.2s (active at launch: 2)
2026-10-03T22:13:47Z bench01-IL2RG-p.Arg226Cys-lab                        succeeded  272.2s (active at launch: 2)
2026-10-03T22:14:01Z bench01-WAS-p.Thr45Met-baseline                      succeeded  88.7s (active at launch: 2)
2026-10-03T22:15:39Z bench01-RAG1-p.Arg404Gln-baseline                    succeeded  93.3s (active at launch: 2)
2026-10-03T22:17:06Z bench01-JAK3-p.Arg103His-baseline                    succeeded  81.2s (active at launch: 2)
2026-10-03T22:17:34Z bench01-WAS-p.Thr45Met-lab                           succeeded  248.2s (active at launch: 2)
2026-10-03T22:18:05Z bench01-RAG1-p.Arg404Gln-lab                         succeeded  252.7s (active at launch: 2)
2026-10-03T22:19:33Z bench01-CYBB-p.His101Arg-baseline                    succeeded  82.7s (active at launch: 2)
2026-10-03T22:20:04Z bench01-JAK3-p.Arg103His-lab                         succeeded  172.9s (active at launch: 2)
2026-10-03T22:20:49Z bench01-CYBB-p.His101Arg-lab                         succeeded  189.5s (active at launch: 2)
2026-10-03T22:21:01Z bench01-STAT3-p.Arg382Trp-baseline                   succeeded  82.7s (active at launch: 2)
2026-10-03T22:22:49Z bench01-STAT1-p.Arg274Trp-baseline                   succeeded  102.3s (active at launch: 2)
2026-10-03T22:24:13Z bench01-STAT1-p.Arg274Trp-lab                        succeeded  198.5s (active at launch: 2)
2026-10-03T22:24:26Z bench01-FOXP3-p.Ala384Thr-baseline                   succeeded  91.7s (active at launch: 2)
2026-10-03T22:27:22Z bench01-FOXP3-p.Ala384Thr-lab                        succeeded  183.5s (active at launch: 2)
2026-10-03T22:28:12Z bench01-STAT3-p.Arg382Trp-lab                        failed     482.9s (active at launch: 2)
2026-10-03T22:28:50Z bench01-CD40LG-p.Thr254Met-baseline                  succeeded  82.7s (active at launch: 2)
2026-10-03T22:29:17Z bench01-CD40LG-p.Thr254Met-lab                       succeeded  285.8s (active at launch: 2)
2026-10-03T22:30:33Z bench01-PIK3CD-p.Glu1021Lys-baseline                 succeeded  97.8s (active at launch: 2)
2026-10-03T22:31:50Z bench01-STAT3-p.Arg382Trp-lab-r2                     succeeded  212.1s (active at launch: 2)
2026-10-03T22:32:28Z bench01-PIK3CD-p.Glu1021Lys-lab                      succeeded  186.6s (active at launch: 2)
2026-10-03T22:33:13Z bench01-CTLA4-p.Arg75Trp-baseline                    succeeded  78.3s (active at launch: 2)
2026-10-03T22:33:53Z bench01-CTLA4-p.Arg75Trp-lab                         succeeded  195.6s (active at launch: 2)
specialist_lab         runs 13/13  median wall 198.5s  sources 10.69  evidence 22.15  agreement 5/6  changed 4
single_agent_baseline  runs 13/13  median wall 84.2s  sources 7.46  evidence 11.31  agreement 4/6  changed 5
wrote /Users/dheeraj/Downloads/alphafold/lab/experiments/results/latest.json
